[      26ms] [WARNING] Manifest: property 'scope' ignored. Start url should be within scope of scope URL. @ https://ezar.github.io/flag-master/manifest.webmanifest:0
[     191ms] [ERROR] Failed to load resource: the server responded with a status of 404 () @ https://ezar.github.io/icon-192.png:0
[     191ms] [WARNING] Error while trying to use the following icon from the Manifest: https://ezar.github.io/icon-192.png (Download error or resource isn't a valid image) @ https://ezar.github.io/flag-master/:0
[12422407ms] [ERROR] The AudioContext encountered an error from the audio device or the WebAudio renderer. @ https://ezar.github.io/flag-master/:0
[21969178ms] [WARNING] Manifest: property 'scope' ignored. Start url should be within scope of scope URL. @ https://ezar.github.io/flag-master/manifest.webmanifest:0
[21970160ms] [ERROR] Failed to load resource: the server responded with a status of 404 () @ https://ezar.github.io/icon-192.png:0
[21970162ms] [WARNING] Error while trying to use the following icon from the Manifest: https://ezar.github.io/icon-192.png (Download error or resource isn't a valid image) @ https://ezar.github.io/flag-master/:0
[22070240ms] [WARNING] Manifest: property 'scope' ignored. Start url should be within scope of scope URL. @ https://ezar.github.io/flag-master/manifest.webmanifest:0
[22070808ms] [WARNING] Error while trying to use the following icon from the Manifest: https://ezar.github.io/icon-192.png (Download error or resource isn't a valid image) @ https://ezar.github.io/flag-master/:0
[22070840ms] [WARNING] Manifest: property 'scope' ignored. Start url should be within scope of scope URL. @ https://ezar.github.io/flag-master/manifest.webmanifest:0
[22071604ms] [WARNING] Manifest: property 'scope' ignored. Start url should be within scope of scope URL. @ https://ezar.github.io/flag-master/manifest.webmanifest:0
[22071623ms] [ERROR] Failed to load resource: the server responded with a status of 404 () @ https://ezar.github.io/icon-192.png:0
[22071627ms] [WARNING] Error while trying to use the following icon from the Manifest: https://ezar.github.io/icon-192.png (Download error or resource isn't a valid image) @ https://ezar.github.io/flag-master/:0
[22072308ms] [WARNING] Manifest: property 'scope' ignored. Start url should be within scope of scope URL. @ https://ezar.github.io/flag-master/manifest.webmanifest:0
[22073138ms] [WARNING] Manifest: property 'scope' ignored. Start url should be within scope of scope URL. @ https://ezar.github.io/flag-master/manifest.webmanifest:0
[22073173ms] [ERROR] Failed to load resource: the server responded with a status of 404 () @ https://ezar.github.io/icon-192.png:0
[22073182ms] [WARNING] Error while trying to use the following icon from the Manifest: https://ezar.github.io/icon-192.png (Download error or resource isn't a valid image) @ https://ezar.github.io/flag-master/:0
[22073943ms] [ERROR] Failed to load resource: the server responded with a status of 404 () @ https://ezar.github.io/icon-192.png:0
[22073945ms] [WARNING] Error while trying to use the following icon from the Manifest: https://ezar.github.io/icon-192.png (Download error or resource isn't a valid image) @ https://ezar.github.io/flag-master/:0
[22283351ms] [WARNING] Manifest: property 'scope' ignored. Start url should be within scope of scope URL. @ https://ezar.github.io/flag-master/manifest.webmanifest:0
[22283406ms] [ERROR] Failed to load resource: the server responded with a status of 404 () @ https://ezar.github.io/icon-192.png:0
[22283408ms] [WARNING] Error while trying to use the following icon from the Manifest: https://ezar.github.io/icon-192.png (Download error or resource isn't a valid image) @ https://ezar.github.io/flag-master/:0
[26653051ms] [WARNING] Manifest: property 'scope' ignored. Start url should be within scope of scope URL. @ https://ezar.github.io/flag-master/manifest.webmanifest:0
[26653305ms] [ERROR] Failed to load resource: the server responded with a status of 404 () @ https://ezar.github.io/icon-192.png:0
[26653312ms] [WARNING] Error while trying to use the following icon from the Manifest: https://ezar.github.io/icon-192.png (Download error or resource isn't a valid image) @ https://ezar.github.io/flag-master/:0
[33852369ms] [WARNING] Error while trying to use the following icon from the Manifest: https://ezar.github.io/flag-master/icon-192.png (Download error or resource isn't a valid image) @ https://ezar.github.io/flag-master/:0
[34001660ms] [WARNING] Error while trying to use the following icon from the Manifest: https://ezar.github.io/flag-master/icon-192.png (Download error or resource isn't a valid image) @ https://ezar.github.io/flag-master/:0
[34002336ms] [WARNING] Error while trying to use the following icon from the Manifest: https://ezar.github.io/flag-master/icon-192.png (Download error or resource isn't a valid image) @ https://ezar.github.io/flag-master/:0
[34003056ms] [WARNING] Error while trying to use the following icon from the Manifest: https://ezar.github.io/flag-master/icon-192.png (Download error or resource isn't a valid image) @ https://ezar.github.io/flag-master/:0
[34004401ms] [WARNING] Error while trying to use the following icon from the Manifest: https://ezar.github.io/flag-master/icon-192.png (Download error or resource isn't a valid image) @ https://ezar.github.io/flag-master/:0
